TIMING_BLOCK_CELL_DONE -1 2
TIMING_BLOCK_CELL_DONE -1 6
TIMING_BLOCK_CELL_DONE -1 0
TIMING_BLOCK_CELL_DONE -1 7
TIMING_BLOCK_CELL_DONE -1 10
TIMING_BLOCK_CELL_DONE -1 5
TIMING_BLOCK_CELL_DONE -1 8
TIMING_BLOCK_CELL_DONE -1 11
TIMING_BLOCK_CELL_DONE -1 3
TIMING_BLOCK_CELL_DONE -1 4
TIMING_BLOCK_CELL_DONE -1 9
TIMING_BLOCK_CELL_DONE -1 1
TIMING_BLOCK_CELL_DONE 0 0
TIMING_BLOCK_CELL_DONE 0 6
TIMING_BLOCK_CELL_DONE 0 2
TIMING_BLOCK_CELL_DONE 0 5
TIMING_BLOCK_CELL_DONE 0 9
TIMING_BLOCK_CELL_DONE 0 8
TIMING_BLOCK_CELL_DONE 0 3
TIMING_BLOCK_CELL_DONE 0 7
TIMING_BLOCK_CELL_DONE 0 11
TIMING_BLOCK_CELL_DONE 0 1
TIMING_BLOCK_CELL_DONE 0 4
TIMING_BLOCK_CELL_DONE 0 10
TIMING_BLOCK_CELL_DONE 1 8
TIMING_BLOCK_CELL_DONE 1 2
TIMING_BLOCK_CELL_DONE 1 1
TIMING_BLOCK_CELL_DONE 1 0
TIMING_BLOCK_CELL_DONE 1 10
TIMING_BLOCK_CELL_DONE 1 6
TIMING_BLOCK_CELL_DONE 1 5
TIMING_BLOCK_CELL_DONE 1 3
TIMING_BLOCK_CELL_DONE 1 9
TIMING_BLOCK_CELL_DONE 1 4
TIMING_BLOCK_CELL_DONE 1 11
TIMING_BLOCK_CELL_DONE 1 7
TIMING_BLOCK_CELL_DONE 2 5
TIMING_BLOCK_CELL_DONE 2 8
TIMING_BLOCK_CELL_DONE 2 3
TIMING_BLOCK_CELL_DONE 2 1
TIMING_BLOCK_CELL_DONE 2 11
TIMING_BLOCK_CELL_DONE 2 4
TIMING_BLOCK_CELL_DONE 2 6
TIMING_BLOCK_CELL_DONE 2 7
TIMING_BLOCK_CELL_DONE 2 9
TIMING_BLOCK_CELL_DONE 2 0
TIMING_BLOCK_CELL_DONE 2 2
TIMING_BLOCK_CELL_DONE 2 10
TIMING_BLOCK_CELL_DONE 3 5
TIMING_BLOCK_CELL_DONE 3 9
TIMING_BLOCK_CELL_DONE 3 7
TIMING_BLOCK_CELL_DONE 3 0
TIMING_BLOCK_CELL_DONE 3 6
TIMING_BLOCK_CELL_DONE 3 11
TIMING_BLOCK_CELL_DONE 3 10
TIMING_BLOCK_CELL_DONE 3 1
TIMING_BLOCK_CELL_DONE 3 2
TIMING_BLOCK_CELL_DONE 3 8
TIMING_BLOCK_CELL_DONE 3 4
TIMING_BLOCK_CELL_DONE 3 3
TIMING_BLOCK_CELL_DONE 4 4
TIMING_BLOCK_CELL_DONE 4 1
TIMING_BLOCK_CELL_DONE 4 3
TIMING_BLOCK_CELL_DONE 4 7
TIMING_BLOCK_CELL_DONE 4 5
TIMING_BLOCK_CELL_DONE 4 2
TIMING_BLOCK_CELL_DONE 4 0
TIMING_BLOCK_CELL_DONE 4 11
TIMING_BLOCK_CELL_DONE 4 9
TIMING_BLOCK_CELL_DONE 4 10
TIMING_BLOCK_CELL_DONE 4 8
TIMING_BLOCK_CELL_DONE 4 6
TIMING_BLOCK_CELL_DONE 5 9
TIMING_BLOCK_CELL_DONE 5 7
TIMING_BLOCK_CELL_DONE 5 5
TIMING_BLOCK_CELL_DONE 5 6
TIMING_BLOCK_CELL_DONE 5 2
TIMING_BLOCK_CELL_DONE 5 8
TIMING_BLOCK_CELL_DONE 5 3
TIMING_BLOCK_CELL_DONE 5 1
TIMING_BLOCK_CELL_DONE 5 0
TIMING_BLOCK_CELL_DONE 5 10
TIMING_BLOCK_CELL_DONE 5 11
TIMING_BLOCK_CELL_DONE 5 4
TIMING_BLOCK_CELL_DONE 6 11
TIMING_BLOCK_CELL_DONE 6 1
TIMING_BLOCK_CELL_DONE 6 7
TIMING_BLOCK_CELL_DONE 6 0
TIMING_BLOCK_CELL_DONE 6 5
TIMING_BLOCK_CELL_DONE 6 6
TIMING_BLOCK_CELL_DONE 6 10
TIMING_BLOCK_CELL_DONE 6 4
TIMING_BLOCK_CELL_DONE 6 8
TIMING_BLOCK_CELL_DONE 6 2
TIMING_BLOCK_CELL_DONE 6 3
TIMING_BLOCK_CELL_DONE 6 9
TIMING_BLOCK_CELL_DONE 7 8
TIMING_BLOCK_CELL_DONE 7 9
TIMING_BLOCK_CELL_DONE 7 3
TIMING_BLOCK_CELL_DONE 7 2
TIMING_BLOCK_CELL_DONE 7 0
TIMING_BLOCK_CELL_DONE 7 1
TIMING_BLOCK_CELL_DONE 7 4
TIMING_BLOCK_CELL_DONE 7 11
TIMING_BLOCK_CELL_DONE 7 7
TIMING_BLOCK_CELL_DONE 7 5
TIMING_BLOCK_CELL_DONE 7 6
TIMING_BLOCK_CELL_DONE 7 10
TIMING_BLOCK_CELL_DONE 8 1
TIMING_BLOCK_CELL_DONE 8 6
TIMING_BLOCK_CELL_DONE 8 11
TIMING_BLOCK_CELL_DONE 8 5
TIMING_BLOCK_CELL_DONE 8 10
TIMING_BLOCK_CELL_DONE 8 3
TIMING_BLOCK_CELL_DONE 8 9
TIMING_BLOCK_CELL_DONE 8 8
TIMING_BLOCK_CELL_DONE 8 2
TIMING_BLOCK_CELL_DONE 8 0
TIMING_BLOCK_CELL_DONE 8 7
TIMING_BLOCK_CELL_DONE 8 4
TIMING_BLOCK_CELL_DONE 9 4
TIMING_BLOCK_CELL_DONE 9 8
TIMING_BLOCK_CELL_DONE 9 10
TIMING_BLOCK_CELL_DONE 9 9
TIMING_BLOCK_CELL_DONE 9 6
TIMING_BLOCK_CELL_DONE 9 11
TIMING_BLOCK_CELL_DONE 9 1
TIMING_BLOCK_CELL_DONE 9 2
TIMING_BLOCK_CELL_DONE 9 7
TIMING_BLOCK_CELL_DONE 9 5
TIMING_BLOCK_CELL_DONE 9 3
TIMING_BLOCK_CELL_DONE 9 0
TIMING_BLOCK_CELL_DONE 10 4
TIMING_BLOCK_CELL_DONE 10 10
TIMING_BLOCK_CELL_DONE 10 11
TIMING_BLOCK_CELL_DONE 10 6
TIMING_BLOCK_CELL_DONE 10 3
TIMING_BLOCK_CELL_DONE 10 1
TIMING_BLOCK_CELL_DONE 10 0
TIMING_BLOCK_CELL_DONE 10 2
TIMING_BLOCK_CELL_DONE 10 9
TIMING_BLOCK_CELL_DONE 10 8
TIMING_BLOCK_CELL_DONE 10 5
TIMING_BLOCK_CELL_DONE 10 7
TIMING_BLOCK_CELL_DONE 11 8
TIMING_BLOCK_CELL_DONE 11 1
TIMING_BLOCK_CELL_DONE 11 7
TIMING_BLOCK_CELL_DONE 11 4
TIMING_BLOCK_CELL_DONE 11 2
TIMING_BLOCK_CELL_DONE 11 10
TIMING_BLOCK_CELL_DONE 11 6
TIMING_BLOCK_CELL_DONE 11 5
TIMING_BLOCK_CELL_DONE 11 0
TIMING_BLOCK_CELL_DONE 11 11
TIMING_BLOCK_CELL_DONE 11 9
TIMING_BLOCK_CELL_DONE 11 3
TIMING_COMPLETE
