[  0%] Updating version info if necessary.
[  0%] Building C object CMakeFiles/aom_ports.dir/aom_ports/aarch64_cpudetect.c.o
[  0%] Built target aom_version_check
[  0%] Built target aom_ports
[  1%] Building C object CMakeFiles/aom_version.dir/gen_src/aom_version_no_op.c.o
[  1%] Linking C static library libaom_version.a
[  1%] Built target aom_version
[  3%] Building C object CMakeFiles/aom_rtcd.dir/aom_dsp/aom_dsp_rtcd.c.o
[  3%] Building C object CMakeFiles/aom_rtcd.dir/av1/common/av1_rtcd.c.o
[  3%] Building C object CMakeFiles/aom_rtcd.dir/aom_scale/aom_scale_rtcd.c.o
[  5%] Built target aom_rtcd
[  8%] Building C object CMakeFiles/aom_dsp_common.dir/aom_dsp/aom_convolve.c.o
[  8%] Building C object CMakeFiles/aom_obj.dir/config/aom_config.c.o
[  8%] Building C object CMakeFiles/aom_dsp.dir/gen_src/aom_av1_no_op.c.o
[ 10%] Building C object CMakeFiles/aom_dsp_encoder.dir/aom_dsp/avg.c.o
[ 10%] Building C object CMakeFiles/aom_av1_common_sve2_intrinsics.dir/av1/common/arm/convolve_sve2.c.o
[ 10%] Building C object CMakeFiles/aom_dsp_decoder.dir/aom_dsp/binary_codes_reader.c.o
[ 10%] Building C object CMakeFiles/aom_dsp.dir/gen_src/aom_dsp_no_op.c.o
[ 10%] Building C object CMakeFiles/aom_obj.dir/aom/src/aom_codec.c.o
[ 10%] Building C object CMakeFiles/aom_dsp_decoder.dir/aom_dsp/bitreader.c.o
[ 10%] Built target aom_dsp
[ 10%] Building C object CMakeFiles/aom_dsp_common.dir/aom_dsp/bitreader_buffer.c.o
[ 10%] Building C object CMakeFiles/aom_obj.dir/aom/src/aom_decoder.c.o
[ 10%] Building C object CMakeFiles/aom_dsp_decoder.dir/aom_dsp/entdec.c.o
[ 10%] Building C object CMakeFiles/aom_dsp_common_neon_intrinsics.dir/aom_dsp/arm/aom_convolve_copy_neon.c.o
[ 10%] Building C object CMakeFiles/aom_dsp_encoder.dir/aom_dsp/bitwriter.c.o
[ 10%] Building C object CMakeFiles/aom_dsp_common.dir/aom_dsp/bitwriter_buffer.c.o
[ 10%] Building C object CMakeFiles/aom_obj.dir/aom/src/aom_encoder.c.o
[ 10%] Built target aom_dsp_decoder
[ 10%] Building C object CMakeFiles/aom_dsp_encoder.dir/aom_dsp/blk_sse_sum.c.o
[ 12%] Building C object CMakeFiles/aom_av1_common_sve2_intrinsics.dir/av1/common/arm/highbd_compound_convolve_sve2.c.o
[ 12%] Building C object CMakeFiles/aom_dsp_common.dir/aom_dsp/blend_a64_hmask.c.o
[ 12%] Building C object CMakeFiles/aom_obj.dir/aom/src/aom_image.c.o
[ 13%] Building C object CMakeFiles/aom_dsp_common_neon_intrinsics.dir/aom_dsp/arm/aom_convolve8_neon.c.o
[ 13%] Building C object CMakeFiles/aom_dsp_encoder.dir/aom_dsp/entenc.c.o
[ 13%] Building C object CMakeFiles/aom_dsp_common.dir/aom_dsp/blend_a64_mask.c.o
[ 13%] Building C object CMakeFiles/aom_dsp_encoder_neon_intrinsics.dir/aom_dsp/flow_estimation/arm/disflow_neon.c.o
[ 15%] Building C object CMakeFiles/aom_obj.dir/aom/src/aom_integer.c.o
[ 15%] Building C object CMakeFiles/aom_dsp_encoder.dir/aom_dsp/fft.c.o
[ 15%] Built target aom_obj
[ 15%] Building C object CMakeFiles/aom_av1_common_sve2_intrinsics.dir/av1/common/arm/highbd_convolve_sve2.c.o
[ 17%] Building C object CMakeFiles/aom_dsp_common.dir/aom_dsp/blend_a64_vmask.c.o
[ 17%] Building C object CMakeFiles/aom_dsp_common.dir/aom_dsp/entcode.c.o
[ 17%] Building C object CMakeFiles/aom_dsp_encoder_neon_intrinsics.dir/aom_dsp/arm/avg_pred_neon.c.o
[ 17%] Building C object CMakeFiles/aom_dsp_common_neon_intrinsics.dir/aom_dsp/arm/aom_scaled_convolve8_neon.c.o
[ 17%] Building C object CMakeFiles/aom_dsp_common.dir/aom_dsp/intrapred.c.o
[ 18%] Building C object CMakeFiles/aom_dsp_encoder.dir/aom_dsp/fwd_txfm.c.o
[ 18%] Building C object CMakeFiles/aom_dsp_encoder_neon_intrinsics.dir/aom_dsp/arm/fwd_txfm_neon.c.o
[ 20%] Building C object CMakeFiles/aom_dsp_common_neon_dotprod_intrinsics.dir/aom_dsp/arm/aom_convolve8_neon_dotprod.c.o
[ 20%] Building C object CMakeFiles/aom_dsp_common_neon_intrinsics.dir/aom_dsp/arm/loopfilter_neon.c.o
[ 20%] Building C object CMakeFiles/aom_dsp_common.dir/aom_dsp/loopfilter.c.o
[ 20%] Building C object CMakeFiles/aom_dsp_encoder.dir/aom_dsp/psnr.c.o
[ 20%] Building C object CMakeFiles/aom_dsp_encoder_neon_intrinsics.dir/aom_dsp/arm/sadxd_neon.c.o
[ 20%] Built target aom_av1_common_sve2_intrinsics
[ 20%] Building C object CMakeFiles/aom_dsp_common_neon_dotprod_intrinsics.dir/aom_dsp/arm/aom_scaled_convolve8_neon_dotprod.c.o
[ 20%] Building C object CMakeFiles/aom_dsp_encoder.dir/aom_dsp/quantize.c.o
[ 20%] Building C object CMakeFiles/aom_dsp_common_neon_intrinsics.dir/aom_dsp/arm/intrapred_neon.c.o
[ 20%] Building C object CMakeFiles/aom_dsp_common.dir/aom_dsp/odintrin.c.o
[ 20%] Building C object CMakeFiles/aom_dsp_encoder_neon_intrinsics.dir/aom_dsp/arm/sad_neon.c.o
[ 20%] Built target aom_dsp_common
[ 20%] Building C object CMakeFiles/aom_dsp_encoder.dir/aom_dsp/sad.c.o
[ 22%] Building C object CMakeFiles/aom_dsp_encoder_neon_dotprod_intrinsics.dir/aom_dsp/arm/sad_neon_dotprod.c.o
[ 22%] Built target aom_dsp_common_neon_dotprod_intrinsics
[ 22%] Building C object CMakeFiles/aom_dsp_common_neon_intrinsics.dir/aom_dsp/arm/blend_a64_mask_neon.c.o
[ 22%] Building C object CMakeFiles/aom_dsp_common_neon_i8mm_intrinsics.dir/aom_dsp/arm/aom_convolve8_neon_i8mm.c.o
[ 22%] Building C object CMakeFiles/aom_dsp_encoder.dir/aom_dsp/sad_av1.c.o
[ 24%] Building C object CMakeFiles/aom_dsp_encoder_neon_intrinsics.dir/aom_dsp/arm/masked_sad_neon.c.o
[ 24%] Building C object CMakeFiles/aom_dsp_encoder_neon_dotprod_intrinsics.dir/aom_dsp/arm/sadxd_neon_dotprod.c.o
[ 24%] Building C object CMakeFiles/aom_dsp_common_sve_intrinsics.dir/aom_dsp/arm/highbd_convolve8_sve.c.o
[ 25%] Building C object CMakeFiles/aom_dsp_encoder.dir/aom_dsp/subtract.c.o
[ 25%] Building C object CMakeFiles/aom_dsp_common_neon_i8mm_intrinsics.dir/aom_dsp/arm/aom_scaled_convolve8_neon_i8mm.c.o
[ 25%] Building C object CMakeFiles/aom_dsp_encoder_neon_intrinsics.dir/aom_dsp/arm/subpel_variance_neon.c.o
[ 25%] Building C object CMakeFiles/aom_dsp_encoder_neon_dotprod_intrinsics.dir/aom_dsp/arm/sse_neon_dotprod.c.o
[ 25%] Building C object CMakeFiles/aom_dsp_encoder.dir/aom_dsp/sse.c.o
[ 25%] Building C object CMakeFiles/aom_dsp_encoder.dir/aom_dsp/ssim.c.o
[ 25%] Built target aom_dsp_common_neon_i8mm_intrinsics
[ 25%] Building C object CMakeFiles/aom_dsp_encoder_neon_dotprod_intrinsics.dir/aom_dsp/arm/sum_squares_neon_dotprod.c.o
[ 25%] Building C object CMakeFiles/aom_dsp_encoder_neon_dotprod_intrinsics.dir/aom_dsp/arm/variance_neon_dotprod.c.o
[ 25%] Building C object CMakeFiles/aom_dsp_encoder.dir/aom_dsp/sum_squares.c.o
[ 27%] Building C object CMakeFiles/aom_dsp_common_neon_intrinsics.dir/aom_dsp/arm/highbd_blend_a64_hmask_neon.c.o
[ 27%] Built target aom_dsp_common_sve_intrinsics
[ 27%] Building C object CMakeFiles/aom_dsp_encoder_neon_intrinsics.dir/aom_dsp/arm/variance_neon.c.o
[ 27%] Building C object CMakeFiles/aom_dsp_encoder.dir/aom_dsp/variance.c.o
[ 27%] Building C object CMakeFiles/aom_dsp_encoder_neon_intrinsics.dir/aom_dsp/arm/hadamard_neon.c.o
[ 29%] Building C object CMakeFiles/aom_dsp_encoder_neon_dotprod_intrinsics.dir/aom_dsp/arm/highbd_variance_neon_dotprod.c.o
[ 29%] Building C object CMakeFiles/aom_dsp_common_neon_intrinsics.dir/aom_dsp/arm/highbd_blend_a64_mask_neon.c.o
[ 29%] Building C object CMakeFiles/aom_dsp_encoder_sve_intrinsics.dir/aom_dsp/flow_estimation/arm/disflow_sve.c.o
[ 29%] Built target aom_dsp_encoder_neon_dotprod_intrinsics
[ 31%] Building C object CMakeFiles/aom_dsp_encoder.dir/aom_dsp/pyramid.c.o
[ 31%] Building C object CMakeFiles/aom_mem.dir/aom_mem/aom_mem.c.o
[ 31%] Building C object CMakeFiles/aom_dsp_encoder_neon_intrinsics.dir/aom_dsp/arm/avg_neon.c.o
[ 31%] Built target aom_mem
[ 31%] Building C object CMakeFiles/aom_dsp_common_neon_intrinsics.dir/aom_dsp/arm/highbd_blend_a64_vmask_neon.c.o
[ 31%] Building C object CMakeFiles/aom_dsp_encoder.dir/aom_dsp/binary_codes_writer.c.o
[ 31%] Building C object CMakeFiles/aom_util.dir/aom_util/aom_thread.c.o
[ 31%] Building C object CMakeFiles/aom_dsp_encoder.dir/aom_dsp/flow_estimation/corner_detect.c.o
[ 31%] Building C object CMakeFiles/aom_dsp_encoder_sve_intrinsics.dir/aom_dsp/arm/avg_sve.c.o
[ 31%] Built target aom_util
[ 32%] Building C object CMakeFiles/aom_dsp_encoder_neon_intrinsics.dir/aom_dsp/arm/obmc_variance_neon.c.o
[ 32%] Building C object CMakeFiles/aom_dsp_encoder_neon_intrinsics.dir/aom_dsp/arm/obmc_sad_neon.c.o
[ 32%] Building C object CMakeFiles/aom_dsp_encoder.dir/aom_dsp/flow_estimation/corner_match.c.o
[ 32%] Building C object CMakeFiles/aom_dsp_common_neon_intrinsics.dir/aom_dsp/arm/highbd_convolve8_neon.c.o
[ 32%] Building C object CMakeFiles/aom_dsp_encoder.dir/aom_dsp/flow_estimation/disflow.c.o
[ 32%] Building C object CMakeFiles/aom_dsp_encoder_neon_intrinsics.dir/aom_dsp/arm/sse_neon.c.o
[ 34%] Building C object CMakeFiles/aom_dsp_encoder_sve_intrinsics.dir/aom_dsp/arm/blk_sse_sum_sve.c.o
[ 34%] Building C object CMakeFiles/aom_scale.dir/aom_scale/generic/yv12config.c.o
[ 34%] Building C object CMakeFiles/aom_dsp_encoder_sve_intrinsics.dir/aom_dsp/arm/sum_squares_sve.c.o
[ 36%] Building C object CMakeFiles/aom_dsp_encoder.dir/aom_dsp/flow_estimation/flow_estimation.c.o
[ 36%] Building C object CMakeFiles/aom_dsp_common_neon_intrinsics.dir/aom_dsp/arm/highbd_intrapred_neon.c.o
[ 36%] Building C object CMakeFiles/aom_scale.dir/aom_scale/generic/yv12extend.c.o
[ 36%] Building C object CMakeFiles/aom_dsp_encoder.dir/aom_dsp/grain_table.c.o
[ 36%] Building C object CMakeFiles/aom_dsp_encoder_neon_intrinsics.dir/aom_dsp/arm/subtract_neon.c.o
/Users/songdong/Desktop/iscas/idea2/CDEF_ring_comparison_20261002/src/ring/aom_dsp/grain_table.c:39:35: warning: initializer-string for character array is too long, array size is 8 but initializer has size 9 (including the null terminating character); did you mean to use the 'nonstring' attribute? [-Wunterminated-string-initialization]
   39 | static const char kFileMagic[8] = "filmgrn1";
      |                                   ^~~~~~~~~~
[ 36%] Built target aom_scale
1 warning generated.
[ 36%] Building C object CMakeFiles/aom_dsp_encoder.dir/aom_dsp/noise_model.c.o
[ 36%] Building C object CMakeFiles/aom_dsp_encoder_sve_intrinsics.dir/aom_dsp/arm/highbd_sse_sve.c.o
[ 36%] Building C object CMakeFiles/aom_av1_common.dir/common/args_helper.c.o
[ 37%] Building C object CMakeFiles/aom_dsp_common_neon_intrinsics.dir/aom_dsp/arm/highbd_loopfilter_neon.c.o
[ 37%] Building C object CMakeFiles/aom_dsp_encoder_neon_intrinsics.dir/aom_dsp/arm/sum_squares_neon.c.o
[ 37%] Building C object CMakeFiles/aom_av1_common.dir/av1/arg_defs.c.o
[ 37%] Building C object CMakeFiles/aom_av1_common.dir/av1/common/alloccommon.c.o
[ 37%] Building C object CMakeFiles/aom_dsp_encoder_sve_intrinsics.dir/aom_dsp/arm/highbd_variance_sve.c.o
[ 37%] Building C object CMakeFiles/aom_dsp_encoder.dir/aom_dsp/noise_util.c.o
[ 39%] Building C object CMakeFiles/aom_dsp_encoder_neon_intrinsics.dir/aom_dsp/arm/blk_sse_sum_neon.c.o
[ 39%] Building C object CMakeFiles/aom_av1_common.dir/av1/common/av1_inv_txfm1d.c.o
[ 39%] Building C object CMakeFiles/aom_av1_decoder.dir/av1/av1_dx_iface.c.o
[ 39%] Building C object CMakeFiles/aom_dsp_encoder.dir/aom_dsp/flow_estimation/ransac.c.o
[ 39%] Building C object CMakeFiles/aom_dsp_encoder_neon_intrinsics.dir/aom_dsp/arm/highbd_avg_neon.c.o
[ 39%] Built target aom_dsp_encoder
[ 39%] Building C object CMakeFiles/aom_av1_encoder.dir/av1/av1_cx_iface.c.o
[ 39%] Built target aom_dsp_encoder_sve_intrinsics
[ 41%] Building C object CMakeFiles/aom_av1_decoder.dir/av1/decoder/decodeframe.c.o
[ 41%] Building C object CMakeFiles/aom_dsp_encoder_neon_intrinsics.dir/aom_dsp/arm/highbd_avg_pred_neon.c.o
[ 43%] Building C object CMakeFiles/aom_av1_common_neon_intrinsics.dir/av1/common/arm/av1_convolve_horiz_rs_neon.c.o
[ 43%] Built target aom_dsp_common_neon_intrinsics
[ 43%] Building C object CMakeFiles/aom_av1_encoder.dir/av1/encoder/aq_complexity.c.o
[ 43%] Building C object CMakeFiles/aom_dsp_encoder_neon_intrinsics.dir/aom_dsp/arm/highbd_hadamard_neon.c.o
[ 44%] Building C object CMakeFiles/aom_av1_common.dir/av1/common/av1_inv_txfm2d.c.o
[ 44%] Building C object CMakeFiles/aom_av1_common_neon_intrinsics.dir/av1/common/arm/av1_convolve_scale_neon.c.o
[ 44%] Building C object CMakeFiles/aom_dsp_encoder_neon_intrinsics.dir/aom_dsp/arm/highbd_masked_sad_neon.c.o
[ 44%] Building C object CMakeFiles/aom_av1_encoder_neon_intrinsics.dir/av1/encoder/arm/av1_error_neon.c.o
[ 44%] Building C object CMakeFiles/aom_av1_encoder_neon_intrinsics.dir/av1/encoder/arm/av1_fwd_txfm2d_neon.c.o
[ 46%] Building C object CMakeFiles/aom_dsp_encoder_neon_intrinsics.dir/aom_dsp/arm/highbd_obmc_sad_neon.c.o
[ 46%] Building C object CMakeFiles/aom_av1_common_neon_intrinsics.dir/av1/common/arm/av1_inv_txfm_neon.c.o
[ 46%] Building C object CMakeFiles/aom_av1_encoder.dir/av1/encoder/aq_cyclicrefresh.c.o
[ 46%] Building C object CMakeFiles/aom_dsp_encoder_neon_intrinsics.dir/aom_dsp/arm/highbd_obmc_variance_neon.c.o
[ 46%] Building C object CMakeFiles/aom_av1_decoder.dir/av1/decoder/decodemv.c.o
[ 48%] Building C object CMakeFiles/aom_av1_encoder.dir/av1/encoder/aq_variance.c.o
[ 48%] Building C object CMakeFiles/aom_dsp_encoder_neon_intrinsics.dir/aom_dsp/arm/highbd_quantize_neon.c.o
[ 48%] Building C object CMakeFiles/aom_av1_encoder.dir/av1/encoder/allintra_vis.c.o
[ 48%] Building C object CMakeFiles/aom_dsp_encoder_neon_intrinsics.dir/aom_dsp/arm/highbd_sad_neon.c.o
[ 48%] Building C object CMakeFiles/aom_av1_decoder.dir/av1/decoder/decoder.c.o
[ 48%] Building C object CMakeFiles/aom_av1_encoder.dir/av1/encoder/av1_fwd_txfm1d.c.o
[ 48%] Building C object CMakeFiles/aom_dsp_encoder_neon_intrinsics.dir/aom_dsp/arm/highbd_sadxd_neon.c.o
[ 48%] Building C object CMakeFiles/aom_av1_decoder.dir/av1/decoder/decodetxb.c.o
[ 48%] Building C object CMakeFiles/aom_av1_common.dir/av1/common/av1_loopfilter.c.o
[ 48%] Building C object CMakeFiles/aom_av1_decoder.dir/av1/decoder/detokenize.c.o
[ 50%] Building C object CMakeFiles/aom_dsp_encoder_neon_intrinsics.dir/aom_dsp/arm/highbd_sse_neon.c.o
[ 51%] Building C object CMakeFiles/aom_av1_decoder.dir/av1/decoder/grain_synthesis.c.o
[ 51%] Building C object CMakeFiles/aom_av1_common.dir/av1/common/av1_txfm.c.o
[ 51%] Building C object CMakeFiles/aom_dsp_encoder_neon_intrinsics.dir/aom_dsp/arm/highbd_subpel_variance_neon.c.o
[ 51%] Building C object CMakeFiles/aom_av1_common.dir/av1/common/blockd.c.o
[ 51%] Building C object CMakeFiles/aom_av1_decoder.dir/av1/decoder/obu.c.o
[ 51%] Building C object CMakeFiles/aom_av1_common.dir/av1/common/cdef.c.o
[ 51%] Built target aom_av1_decoder
[ 51%] Building C object CMakeFiles/aom_av1_encoder_neon_intrinsics.dir/av1/encoder/arm/av1_k_means_neon.c.o
[ 53%] Building C object CMakeFiles/aom_av1_common.dir/av1/common/cdef_block.c.o
[ 53%] Building C object CMakeFiles/aom_av1_common_neon_intrinsics.dir/av1/common/arm/av1_txfm_neon.c.o
[ 53%] Building C object CMakeFiles/aom_av1_common.dir/av1/common/cfl.c.o
[ 55%] Building C object CMakeFiles/aom_av1_encoder_neon_intrinsics.dir/av1/encoder/arm/cnn_neon.c.o
[ 55%] Building C object CMakeFiles/aom_av1_common.dir/av1/common/common_data.c.o
[ 55%] Building C object CMakeFiles/aom_av1_common.dir/av1/common/convolve.c.o
[ 55%] Building C object CMakeFiles/aom_dsp_encoder_neon_intrinsics.dir/aom_dsp/arm/highbd_variance_neon.c.o
[ 55%] Building C object CMakeFiles/aom_av1_encoder_neon_intrinsics.dir/av1/encoder/arm/encodetxb_neon.c.o
[ 55%] Building C object CMakeFiles/aom_av1_common_neon_intrinsics.dir/av1/common/arm/blend_a64_hmask_neon.c.o
[ 55%] Building C object CMakeFiles/aom_av1_common.dir/av1/common/debugmodes.c.o
[ 55%] Building C object CMakeFiles/aom_av1_encoder.dir/av1/encoder/av1_fwd_txfm2d.c.o
[ 55%] Built target aom_dsp_encoder_neon_intrinsics
[ 56%] Building C object CMakeFiles/aom_av1_common.dir/av1/common/entropy.c.o
[ 56%] Building C object CMakeFiles/aom_av1_encoder_neon_intrinsics.dir/av1/encoder/arm/highbd_fwd_txfm_neon.c.o
[ 56%] Building C object CMakeFiles/aom_av1_encoder.dir/av1/encoder/av1_quantize.c.o
[ 58%] Building C object CMakeFiles/aom_av1_common_neon_intrinsics.dir/av1/common/arm/blend_a64_vmask_neon.c.o
[ 60%] Building C object CMakeFiles/aom_av1_encoder.dir/av1/encoder/bitstream.c.o
[ 60%] Building C object CMakeFiles/aom_av1_common.dir/av1/common/entropymode.c.o
[ 60%] Building C object CMakeFiles/aom_av1_common_neon_intrinsics.dir/av1/common/arm/cdef_block_neon.c.o
[ 60%] Building C object CMakeFiles/aom_av1_common.dir/av1/common/entropymv.c.o
[ 60%] Building C object CMakeFiles/aom_av1_encoder.dir/av1/encoder/cnn.c.o
[ 60%] Building C object CMakeFiles/aom_av1_common.dir/av1/common/frame_buffers.c.o
[ 60%] Building C object CMakeFiles/aom_av1_common.dir/av1/common/idct.c.o
[ 62%] Building C object CMakeFiles/aom_av1_common.dir/av1/common/mvref_common.c.o
[ 62%] Building C object CMakeFiles/aom_av1_encoder.dir/av1/encoder/compound_type.c.o
[ 62%] Building C object CMakeFiles/aom_av1_common_neon_intrinsics.dir/av1/common/arm/cfl_neon.c.o
[ 62%] Building C object CMakeFiles/aom_av1_encoder.dir/av1/encoder/context_tree.c.o
[ 62%] Building C object CMakeFiles/aom_av1_common_neon_intrinsics.dir/av1/common/arm/compound_convolve_neon.c.o
[ 62%] Building C object CMakeFiles/aom_av1_common.dir/av1/common/obu_util.c.o
[ 62%] Building C object CMakeFiles/aom_av1_encoder.dir/av1/encoder/cost.c.o
[ 62%] Building C object CMakeFiles/aom_av1_common.dir/av1/common/pred_common.c.o
[ 63%] Building C object CMakeFiles/aom_av1_encoder.dir/av1/encoder/encodeframe.c.o
[ 65%] Building C object CMakeFiles/aom_av1_encoder_arm_crc32_intrinsics.dir/av1/encoder/arm/hash_arm_crc32.c.o
[ 65%] Building C object CMakeFiles/aom_av1_common.dir/av1/common/quant_common.c.o
[ 65%] Built target aom_av1_encoder_arm_crc32_intrinsics
[ 65%] Building C object CMakeFiles/aom_av1_encoder_neon_intrinsics.dir/av1/encoder/arm/hybrid_fwd_txfm_neon.c.o
[ 65%] Building C object CMakeFiles/aom_av1_encoder_neon_intrinsics.dir/av1/encoder/arm/pickrst_neon.c.o
[ 65%] Building C object CMakeFiles/aom_av1_common.dir/av1/common/reconinter.c.o
[ 65%] Building C object CMakeFiles/aom_av1_common_neon_intrinsics.dir/av1/common/arm/convolve_neon.c.o
[ 65%] Building C object CMakeFiles/aom_av1_encoder.dir/av1/encoder/encodeframe_utils.c.o
[ 67%] Building C object CMakeFiles/aom_av1_common.dir/av1/common/reconintra.c.o
[ 68%] Building C object CMakeFiles/aom_av1_common_neon_intrinsics.dir/av1/common/arm/highbd_inv_txfm_neon.c.o
[ 68%] Building C object CMakeFiles/aom_av1_common.dir/av1/common/resize.c.o
[ 68%] Building C object CMakeFiles/aom_av1_encoder.dir/av1/encoder/encodemb.c.o
[ 68%] Building C object CMakeFiles/aom_av1_common.dir/av1/common/restoration.c.o
[ 68%] Building C object CMakeFiles/aom_av1_encoder.dir/av1/encoder/encodemv.c.o
[ 68%] Building C object CMakeFiles/aom_av1_common.dir/av1/common/scale.c.o
[ 68%] Building C object CMakeFiles/aom_av1_encoder.dir/av1/encoder/encode_strategy.c.o
[ 68%] Building C object CMakeFiles/aom_av1_common.dir/av1/common/scan.c.o
[ 68%] Building C object CMakeFiles/aom_av1_common_neon_dotprod_intrinsics.dir/av1/common/arm/av1_convolve_scale_neon_dotprod.c.o
[ 70%] Building C object CMakeFiles/aom_av1_common.dir/av1/common/seg_common.c.o
[ 70%] Building C object CMakeFiles/aom_av1_common.dir/av1/common/thread_common.c.o
[ 72%] Building C object CMakeFiles/aom_av1_encoder.dir/av1/encoder/encoder.c.o
[ 72%] Building C object CMakeFiles/aom_av1_common_neon_dotprod_intrinsics.dir/av1/common/arm/compound_convolve_neon_dotprod.c.o
[ 72%] Building C object CMakeFiles/aom_av1_common.dir/av1/common/tile_common.c.o
[ 72%] Building C object CMakeFiles/aom_av1_common.dir/av1/common/timing.c.o
[ 72%] Building C object CMakeFiles/aom_av1_common.dir/av1/common/txb_common.c.o
[ 72%] Building C object CMakeFiles/aom_av1_common_neon_dotprod_intrinsics.dir/av1/common/arm/convolve_neon_dotprod.c.o
[ 74%] Building C object CMakeFiles/aom_av1_common.dir/av1/common/warped_motion.c.o
[ 74%] Building C object CMakeFiles/aom_av1_common_neon_intrinsics.dir/av1/common/arm/reconinter_neon.c.o
[ 74%] Built target aom_av1_common
[ 75%] Building C object CMakeFiles/aom_av1_encoder_neon_intrinsics.dir/av1/encoder/arm/quantize_neon.c.o
[ 75%] Building C object CMakeFiles/aom_av1_common_neon_dotprod_intrinsics.dir/av1/common/arm/resize_neon_dotprod.c.o
[ 75%] Building C object CMakeFiles/aom_av1_common_neon_intrinsics.dir/av1/common/arm/reconintra_neon.c.o
[ 75%] Building C object CMakeFiles/aom_av1_encoder_neon_dotprod_intrinsics.dir/av1/encoder/arm/temporal_filter_neon_dotprod.c.o
[ 75%] Building C object CMakeFiles/aom_av1_encoder.dir/av1/encoder/encoder_utils.c.o
[ 75%] Built target aom_av1_common_neon_dotprod_intrinsics
[ 75%] Building C object CMakeFiles/aom_av1_common_neon_intrinsics.dir/av1/common/arm/resize_neon.c.o
[ 75%] Building C object CMakeFiles/aom_av1_encoder_neon_intrinsics.dir/av1/encoder/arm/rdopt_neon.c.o
[ 75%] Built target aom_av1_encoder_neon_dotprod_intrinsics
[ 75%] Building C object CMakeFiles/aom_av1_encoder.dir/av1/encoder/encodetxb.c.o
[ 75%] Building C object CMakeFiles/aom_av1_encoder_neon_intrinsics.dir/av1/encoder/arm/reconinter_enc_neon.c.o
[ 75%] Building C object CMakeFiles/aom_av1_common_neon_intrinsics.dir/av1/common/arm/selfguided_neon.c.o
[ 77%] Building C object CMakeFiles/aom_av1_common_neon_i8mm_intrinsics.dir/av1/common/arm/av1_convolve_scale_neon_i8mm.c.o
[ 79%] Building C object CMakeFiles/aom_av1_common_neon_intrinsics.dir/av1/common/arm/warp_plane_neon.c.o
[ 79%] Building C object CMakeFiles/aom_av1_encoder_neon_intrinsics.dir/av1/encoder/arm/temporal_filter_neon.c.o
[ 79%] Building C object CMakeFiles/aom_av1_encoder.dir/av1/encoder/ethread.c.o
[ 79%] Building C object CMakeFiles/aom_av1_common_neon_intrinsics.dir/av1/common/arm/wiener_convolve_neon.c.o
[ 79%] Building C object CMakeFiles/aom_av1_common_neon_i8mm_intrinsics.dir/av1/common/arm/compound_convolve_neon_i8mm.c.o
[ 79%] Building C object CMakeFiles/aom_av1_encoder_neon_intrinsics.dir/av1/encoder/arm/wedge_utils_neon.c.o
[ 79%] Building C object CMakeFiles/aom_av1_common_sve_intrinsics.dir/av1/common/arm/highbd_warp_plane_sve.c.o
[ 79%] Building C object CMakeFiles/aom_av1_common_neon_intrinsics.dir/av1/common/arm/highbd_compound_convolve_neon.c.o
[ 79%] Building C object CMakeFiles/aom_av1_common_neon_i8mm_intrinsics.dir/av1/common/arm/convolve_neon_i8mm.c.o
[ 79%] Building C object CMakeFiles/aom_av1_encoder.dir/av1/encoder/extend.c.o
[ 79%] Building C object CMakeFiles/aom_av1_common_sve_intrinsics.dir/av1/common/arm/warp_plane_sve.c.o
[ 81%] Building C object CMakeFiles/aom_av1_encoder.dir/av1/encoder/external_partition.c.o
[ 81%] Building C object CMakeFiles/aom_av1_encoder.dir/av1/encoder/firstpass.c.o
[ 82%] Building C object CMakeFiles/aom_av1_encoder_neon_intrinsics.dir/av1/encoder/arm/ml_neon.c.o
[ 82%] Building C object CMakeFiles/aom_av1_common_neon_i8mm_intrinsics.dir/av1/common/arm/resize_neon_i8mm.c.o
[ 82%] Building C object CMakeFiles/aom_av1_common_neon_intrinsics.dir/av1/common/arm/highbd_convolve_horiz_rs_neon.c.o
[ 82%] Building C object CMakeFiles/aom_av1_encoder.dir/av1/encoder/global_motion.c.o
[ 82%] Building C object CMakeFiles/aom_av1_encoder_neon_intrinsics.dir/av1/encoder/arm/av1_highbd_quantize_neon.c.o
[ 82%] Building C object CMakeFiles/aom_av1_common_neon_intrinsics.dir/av1/common/arm/highbd_convolve_neon.c.o
[ 84%] Building C object CMakeFiles/aom_av1_encoder_sve_intrinsics.dir/av1/encoder/arm/av1_error_sve.c.o
[ 84%] Building C object CMakeFiles/aom_av1_common_neon_i8mm_intrinsics.dir/av1/common/arm/warp_plane_neon_i8mm.c.o
[ 84%] Built target aom_av1_common_sve_intrinsics
[ 84%] Building C object CMakeFiles/aom_av1_encoder.dir/av1/encoder/global_motion_facade.c.o
[ 84%] Building C object CMakeFiles/aom_av1_encoder.dir/av1/encoder/gop_structure.c.o
[ 84%] Building C object CMakeFiles/aom_av1_encoder_neon_intrinsics.dir/av1/encoder/arm/highbd_pickrst_neon.c.o
[ 86%] Building C object CMakeFiles/aom_av1_encoder.dir/av1/encoder/hash.c.o
[ 86%] Building C object CMakeFiles/aom_av1_encoder_sve_intrinsics.dir/av1/encoder/arm/pickrst_sve.c.o
[ 86%] Building C object CMakeFiles/aom_av1_encoder.dir/av1/encoder/hash_motion.c.o
[ 86%] Building C object CMakeFiles/aom_av1_common_neon_intrinsics.dir/av1/common/arm/highbd_convolve_scale_neon.c.o
[ 86%] Built target aom_av1_common_neon_i8mm_intrinsics
[ 86%] Building C object CMakeFiles/aom_av1_encoder_sve_intrinsics.dir/av1/encoder/arm/wedge_utils_sve.c.o
[ 86%] Building C object CMakeFiles/aom_av1_encoder.dir/av1/encoder/hybrid_fwd_txfm.c.o
[ 87%] Building C object CMakeFiles/aom_av1_common_neon_intrinsics.dir/av1/common/arm/highbd_reconinter_neon.c.o
[ 87%] Building C object CMakeFiles/aom_av1_common_neon_intrinsics.dir/av1/common/arm/highbd_reconintra_neon.c.o
[ 87%] Building C object CMakeFiles/aom_av1_encoder.dir/av1/encoder/interp_search.c.o
[ 87%] Building C object CMakeFiles/aom_av1_encoder_sve_intrinsics.dir/av1/encoder/arm/highbd_pickrst_sve.c.o
[ 87%] Building C object CMakeFiles/aom_av1_encoder_neon_intrinsics.dir/av1/encoder/arm/highbd_rdopt_neon.c.o
[ 87%] Building C object CMakeFiles/aom_av1_common_neon_intrinsics.dir/av1/common/arm/highbd_warp_plane_neon.c.o
[ 87%] Building C object CMakeFiles/aom_av1_encoder.dir/av1/encoder/level.c.o
[ 87%] Building C object CMakeFiles/aom_av1_encoder_neon_intrinsics.dir/av1/encoder/arm/highbd_temporal_filter_neon.c.o
[ 89%] Building C object CMakeFiles/aom_av1_encoder.dir/av1/encoder/lookahead.c.o
[ 89%] Building C object CMakeFiles/aom_av1_common_neon_intrinsics.dir/av1/common/arm/highbd_wiener_convolve_neon.c.o
[ 89%] Building C object CMakeFiles/aom_av1_encoder.dir/av1/encoder/mcomp.c.o
[ 89%] Built target aom_av1_encoder_neon_intrinsics
[ 89%] Building C object CMakeFiles/aom_av1_encoder.dir/av1/encoder/ml.c.o
[ 89%] Building C object CMakeFiles/aom_av1_encoder.dir/av1/encoder/motion_search_facade.c.o
[ 89%] Building C object CMakeFiles/aom_av1_encoder.dir/av1/encoder/mv_prec.c.o
[ 89%] Built target aom_av1_common_neon_intrinsics
[ 91%] Building C object CMakeFiles/aom_av1_encoder.dir/av1/encoder/palette.c.o
[ 91%] Building C object CMakeFiles/aom_av1_encoder.dir/av1/encoder/partition_search.c.o
[ 91%] Building C object CMakeFiles/aom_av1_encoder.dir/av1/encoder/partition_strategy.c.o
[ 91%] Building C object CMakeFiles/aom_av1_encoder.dir/av1/encoder/pass2_strategy.c.o
[ 91%] Building C object CMakeFiles/aom_av1_encoder.dir/av1/encoder/pickcdef.c.o
[ 93%] Building C object CMakeFiles/aom_av1_encoder.dir/av1/encoder/picklpf.c.o
[ 93%] Building C object CMakeFiles/aom_av1_encoder.dir/av1/encoder/pickrst.c.o
[ 93%] Built target aom_av1_encoder_sve_intrinsics
[ 93%] Building C object CMakeFiles/aom_av1_encoder.dir/av1/encoder/ratectrl.c.o
[ 93%] Building C object CMakeFiles/aom_av1_encoder.dir/av1/encoder/rd.c.o
[ 93%] Building C object CMakeFiles/aom_av1_encoder.dir/av1/encoder/rdopt.c.o
[ 93%] Building C object CMakeFiles/aom_av1_encoder.dir/av1/encoder/nonrd_pickmode.c.o
[ 94%] Building C object CMakeFiles/aom_av1_encoder.dir/av1/encoder/nonrd_opt.c.o
[ 94%] Building C object CMakeFiles/aom_av1_encoder.dir/av1/encoder/reconinter_enc.c.o
[ 94%] Building C object CMakeFiles/aom_av1_encoder.dir/av1/encoder/segmentation.c.o
[ 94%] Building C object CMakeFiles/aom_av1_encoder.dir/av1/encoder/speed_features.c.o
[ 94%] Building C object CMakeFiles/aom_av1_encoder.dir/av1/encoder/superres_scale.c.o
[ 96%] Building C object CMakeFiles/aom_av1_encoder.dir/av1/encoder/svc_layercontext.c.o
[ 96%] Building C object CMakeFiles/aom_av1_encoder.dir/av1/encoder/temporal_filter.c.o
[ 96%] Building C object CMakeFiles/aom_av1_encoder.dir/av1/encoder/tokenize.c.o
[ 96%] Building C object CMakeFiles/aom_av1_encoder.dir/av1/encoder/tpl_model.c.o
[ 96%] Building C object CMakeFiles/aom_av1_encoder.dir/av1/encoder/tx_search.c.o
[ 98%] Building C object CMakeFiles/aom_av1_encoder.dir/av1/encoder/txb_rdopt.c.o
[ 98%] Building C object CMakeFiles/aom_av1_encoder.dir/av1/encoder/intra_mode_search.c.o
[ 98%] Building C object CMakeFiles/aom_av1_encoder.dir/av1/encoder/wedge_utils.c.o
[ 98%] Building C object CMakeFiles/aom_av1_encoder.dir/av1/encoder/var_based_part.c.o
[ 98%] Building C object CMakeFiles/aom_av1_encoder.dir/av1/encoder/av1_noise_estimate.c.o
[100%] Building C object CMakeFiles/aom_av1_encoder.dir/third_party/fastfeat/fast.c.o
[100%] Building C object CMakeFiles/aom_av1_encoder.dir/third_party/fastfeat/fast_9.c.o
[100%] Building C object CMakeFiles/aom_av1_encoder.dir/third_party/fastfeat/nonmax.c.o
[100%] Building C object CMakeFiles/aom_av1_encoder.dir/third_party/vector/vector.c.o
[100%] Building C object CMakeFiles/aom_av1_encoder.dir/av1/encoder/dwt.c.o
[100%] Built target aom_av1_encoder
[100%] Linking C static library libaom.a
[100%] Built target aom
